Hello Windows!